{
  "version": "1.5.0",
  "plugins_used": [
    {
      "name": "ArtifactoryDetector"
    },
    {
      "name": "AWSKeyDetector"
    },
    {
      "name": "AzureStorageKeyDetector"
    },
    {
      "name": "Base64HighEntropyString",
      "limit": 4.5
    },
    {
      "name": "BasicAuthDetector"
    },
    {
      "name": "CloudantDetector"
    },
    {
      "name": "DiscordBotTokenDetector"
    },
    {
      "name": "GitHubTokenDetector"
    },
    {
      "name": "GitLabTokenDetector"
    },
    {
      "name": "HexHighEntropyString",
      "limit": 3.0
    },
    {
      "name": "IbmCloudIamDetector"
    },
    {
      "name": "IbmCosHmacDetector"
    },
    {
      "name": "IPPublicDetector"
    },
    {
      "name": "JwtTokenDetector"
    },
    {
      "name": "KeywordDetector",
      "keyword_exclude": ""
    },
    {
      "name": "MailchimpDetector"
    },
    {
      "name": "NpmDetector"
    },
    {
      "name": "OpenAIDetector"
    },
    {
      "name": "PrivateKeyDetector"
    },
    {
      "name": "PypiTokenDetector"
    },
    {
      "name": "SendGridDetector"
    },
    {
      "name": "SlackDetector"
    },
    {
      "name": "SoftlayerDetector"
    },
    {
      "name": "SquareOAuthDetector"
    },
    {
      "name": "StripeDetector"
    },
    {
      "name": "TelegramBotTokenDetector"
    },
    {
      "name": "TwilioKeyDetector"
    }
  ],
  "filters_used": [
    {
      "path": "detect_secrets.filters.allowlist.is_line_allowlisted"
    },
    {
      "path": "detect_secrets.filters.common.is_baseline_file",
      "filename": ".secrets.baseline"
    },
    {
      "path": "detect_secrets.filters.common.is_ignored_due_to_verification_policies",
      "min_level": 2
    },
    {
      "path": "detect_secrets.filters.heuristic.is_indirect_reference"
    },
    {
      "path": "detect_secrets.filters.heuristic.is_likely_id_string"
    },
    {
      "path": "detect_secrets.filters.heuristic.is_lock_file"
    },
    {
      "path": "detect_secrets.filters.heuristic.is_not_alphanumeric_string"
    },
    {
      "path": "detect_secrets.filters.heuristic.is_potential_uuid"
    },
    {
      "path": "detect_secrets.filters.heuristic.is_prefixed_with_dollar_sign"
    },
    {
      "path": "detect_secrets.filters.heuristic.is_sequential_string"
    },
    {
      "path": "detect_secrets.filters.heuristic.is_swagger_file"
    },
    {
      "path": "detect_secrets.filters.heuristic.is_templated_secret"
    }
  ],
  "results": {
    "tests/fixtures/garmin_responses.py": [
      {
        "type": "Hex High Entropy String",
        "filename": "tests/fixtures/garmin_responses.py",
        "hashed_secret": "42bb9b250545c8ca364f42da2d832789f79794f1",
        "is_verified": false,
        "line_number": 449
      },
      {
        "type": "Hex High Entropy String",
        "filename": "tests/fixtures/garmin_responses.py",
        "hashed_secret": "a4f092c6bd527f5051b33ba1e627352560fc55da",
        "is_verified": false,
        "line_number": 464
      }
    ],
    "tests/integration/test_oauth_flow.py": [
      {
        "type": "Secret Keyword",
        "filename": "tests/integration/test_oauth_flow.py",
        "hashed_secret": "0cfbd712ab1a5c57be52900cddfca0f492ea598e",
        "is_verified": false,
        "line_number": 37
      }
    ],
    "tests/integration/test_onboarding_flow.py": [
      {
        "type": "Secret Keyword",
        "filename": "tests/integration/test_onboarding_flow.py",
        "hashed_secret": "0cfbd712ab1a5c57be52900cddfca0f492ea598e",
        "is_verified": false,
        "line_number": 210
      },
      {
        "type": "Secret Keyword",
        "filename": "tests/integration/test_onboarding_flow.py",
        "hashed_secret": "e5e9fa1ba31ecd1ae84f75caaa474f3a663f05f4",
        "is_verified": false,
        "line_number": 333
      }
    ],
    "tests/integration/test_other_modules_tools.py": [
      {
        "type": "Hex High Entropy String",
        "filename": "tests/integration/test_other_modules_tools.py",
        "hashed_secret": "33c76f70af66754ca47d19b17da8dc232e125253",
        "is_verified": false,
        "line_number": 79
      }
    ],
    "tests/unit/test_auth_cli.py": [
      {
        "type": "Secret Keyword",
        "filename": "tests/unit/test_auth_cli.py",
        "hashed_secret": "e5e9fa1ba31ecd1ae84f75caaa474f3a663f05f4",
        "is_verified": false,
        "line_number": 48
      },
      {
        "type": "Secret Keyword",
        "filename": "tests/unit/test_auth_cli.py",
        "hashed_secret": "a699b6ffd4aef1297064605c790309f95e4a5ca9",
        "is_verified": false,
        "line_number": 80
      },
      {
        "type": "Secret Keyword",
        "filename": "tests/unit/test_auth_cli.py",
        "hashed_secret": "b669b9e76216de3cb2ef86525ee0a64346125971",
        "is_verified": false,
        "line_number": 95
      }
    ],
    "tests/unit/test_auth_entra.py": [
      {
        "type": "Secret Keyword",
        "filename": "tests/unit/test_auth_entra.py",
        "hashed_secret": "0cfbd712ab1a5c57be52900cddfca0f492ea598e",
        "is_verified": false,
        "line_number": 22
      }
    ],
    "tests/unit/test_auth_storage.py": [
      {
        "type": "Secret Keyword",
        "filename": "tests/unit/test_auth_storage.py",
        "hashed_secret": "2346ad27d7568ba9896f1b7da6b5991251debdf2",
        "is_verified": false,
        "line_number": 23
      }
    ]
  },
  "generated_at": "2026-05-03T19:47:08Z"
}
